[debug] [2025-03-25T22:47:51.329Z] ----------------------------------------------------------------------
[debug] [2025-03-25T22:47:51.332Z] Command:       /usr/local/Cellar/node/23.10.0_1/bin/node /usr/local/bin/firebase deploy
[debug] [2025-03-25T22:47:51.333Z] CLI Version:   13.34.0
[debug] [2025-03-25T22:47:51.333Z] Platform:      darwin
[debug] [2025-03-25T22:47:51.333Z] Node Version:  v23.10.0
[debug] [2025-03-25T22:47:51.335Z] Time:          Tue Mar 25 2025 18:47:51 GMT-0400 (Eastern Daylight Time)
[debug] [2025-03-25T22:47:51.335Z] ----------------------------------------------------------------------
[debug] 
[debug] [2025-03-25T22:47:51.544Z] > command requires scopes: ["email","openid","https://www.googleapis.com/auth/cloudplatformprojects.readonly","https://www.googleapis.com/auth/firebase","https://www.googleapis.com/auth/cloud-platform"]
[debug] [2025-03-25T22:47:51.544Z] > authorizing via signed-in user (kfranklin93@gmail.com)
[debug] [2025-03-25T22:47:51.545Z] [iam] checking project mommy-angels-test for permissions ["cloudfunctions.functions.create","cloudfunctions.functions.delete","cloudfunctions.functions.get","cloudfunctions.functions.list","cloudfunctions.functions.update","cloudfunctions.operations.get","firebase.projects.get","firebasehosting.sites.update"]
[debug] [2025-03-25T22:47:51.547Z] Checked if tokens are valid: true, expires at: 1742946288299
[debug] [2025-03-25T22:47:51.547Z] Checked if tokens are valid: true, expires at: 1742946288299
[debug] [2025-03-25T22:47:51.547Z] >>> [apiv2][query] POST https://cloudresourcemanager.googleapis.com/v1/projects/mommy-angels-test:testIamPermissions [none]
[debug] [2025-03-25T22:47:51.547Z] >>> [apiv2][(partial)header] POST https://cloudresourcemanager.googleapis.com/v1/projects/mommy-angels-test:testIamPermissions x-goog-quota-user=projects/mommy-angels-test
[debug] [2025-03-25T22:47:51.547Z] >>> [apiv2][body] POST https://cloudresourcemanager.googleapis.com/v1/projects/mommy-angels-test:testIamPermissions {"permissions":["cloudfunctions.functions.create","cloudfunctions.functions.delete","cloudfunctions.functions.get","cloudfunctions.functions.list","cloudfunctions.functions.update","cloudfunctions.operations.get","firebase.projects.get","firebasehosting.sites.update"]}
[debug] [2025-03-25T22:47:51.826Z] <<< [apiv2][status] POST https://cloudresourcemanager.googleapis.com/v1/projects/mommy-angels-test:testIamPermissions 200
[debug] [2025-03-25T22:47:51.826Z] <<< [apiv2][body] POST https://cloudresourcemanager.googleapis.com/v1/projects/mommy-angels-test:testIamPermissions {"permissions":["cloudfunctions.functions.create","cloudfunctions.functions.delete","cloudfunctions.functions.get","cloudfunctions.functions.list","cloudfunctions.functions.update","cloudfunctions.operations.get","firebase.projects.get","firebasehosting.sites.update"]}
[debug] [2025-03-25T22:47:51.826Z] Checked if tokens are valid: true, expires at: 1742946288299
[debug] [2025-03-25T22:47:51.826Z] Checked if tokens are valid: true, expires at: 1742946288299
[debug] [2025-03-25T22:47:51.827Z] >>> [apiv2][query] POST https://iam.googleapis.com/v1/projects/mommy-angels-test/serviceAccounts/mommy-angels-test@appspot.gserviceaccount.com:testIamPermissions [none]
[debug] [2025-03-25T22:47:51.827Z] >>> [apiv2][body] POST https://iam.googleapis.com/v1/projects/mommy-angels-test/serviceAccounts/mommy-angels-test@appspot.gserviceaccount.com:testIamPermissions {"permissions":["iam.serviceAccounts.actAs"]}
[debug] [2025-03-25T22:47:52.016Z] <<< [apiv2][status] POST https://iam.googleapis.com/v1/projects/mommy-angels-test/serviceAccounts/mommy-angels-test@appspot.gserviceaccount.com:testIamPermissions 200
[debug] [2025-03-25T22:47:52.017Z] <<< [apiv2][body] POST https://iam.googleapis.com/v1/projects/mommy-angels-test/serviceAccounts/mommy-angels-test@appspot.gserviceaccount.com:testIamPermissions {"permissions":["iam.serviceAccounts.actAs"]}
[debug] [2025-03-25T22:47:52.017Z] Checked if tokens are valid: true, expires at: 1742946288299
[debug] [2025-03-25T22:47:52.017Z] Checked if tokens are valid: true, expires at: 1742946288299
[debug] [2025-03-25T22:47:52.017Z] >>> [apiv2][query] GET https://firebase.googleapis.com/v1beta1/projects/mommy-angels-test [none]
[debug] [2025-03-25T22:47:52.222Z] <<< [apiv2][status] GET https://firebase.googleapis.com/v1beta1/projects/mommy-angels-test 200
[debug] [2025-03-25T22:47:52.222Z] <<< [apiv2][body] GET https://firebase.googleapis.com/v1beta1/projects/mommy-angels-test {"projectId":"mommy-angels-test","projectNumber":"934914970205","displayName":"mommy-angels-test","name":"projects/mommy-angels-test","resources":{"hostingSite":"mommy-angels-test"},"state":"ACTIVE","etag":"1_4ecf1e6e-45a9-4b67-b039-acce238636a3"}
[info] 
[info] === Deploying to 'mommy-angels-test'...
[info] 
[info] i  deploying functions, hosting 
[info] Running command: npm --prefix "$RESOURCE_DIR" run lint
[info] Running command: npm --prefix "$RESOURCE_DIR" run build
[info] ✔  functions: Finished running predeploy script. 
[debug] [2025-03-25T22:47:59.577Z] Checked if tokens are valid: true, expires at: 1742946288299
[debug] [2025-03-25T22:47:59.577Z] Checked if tokens are valid: true, expires at: 1742946288299
[debug] [2025-03-25T22:47:59.577Z] >>> [apiv2][query] GET https://cloudresourcemanager.googleapis.com/v1/projects/mommy-angels-test [none]
[debug] [2025-03-25T22:47:59.726Z] <<< [apiv2][status] GET https://cloudresourcemanager.googleapis.com/v1/projects/mommy-angels-test 200
[debug] [2025-03-25T22:47:59.726Z] <<< [apiv2][body] GET https://cloudresourcemanager.googleapis.com/v1/projects/mommy-angels-test {"projectNumber":"934914970205","projectId":"mommy-angels-test","lifecycleState":"ACTIVE","name":"mommy-angels-test","labels":{"firebase":"enabled","firebase-core":"disabled"},"createTime":"2025-03-21T06:26:42.723416Z"}
[info] i  functions: preparing codebase default for deployment 
[info] i  functions: ensuring required API cloudfunctions.googleapis.com is enabled... 
[debug] [2025-03-25T22:47:59.727Z] Checked if tokens are valid: true, expires at: 1742946288299
[debug] [2025-03-25T22:47:59.727Z] Checked if tokens are valid: true, expires at: 1742946288299
[debug] [2025-03-25T22:47:59.728Z] Checked if tokens are valid: true, expires at: 1742946288299
[debug] [2025-03-25T22:47:59.728Z] Checked if tokens are valid: true, expires at: 1742946288299
[info] i  functions: ensuring required API cloudbuild.googleapis.com is enabled... 
[debug] [2025-03-25T22:47:59.728Z] Checked if tokens are valid: true, expires at: 1742946288299
[debug] [2025-03-25T22:47:59.728Z] Checked if tokens are valid: true, expires at: 1742946288299
[info] i  artifactregistry: ensuring required API artifactregistry.googleapis.com is enabled... 
[debug] [2025-03-25T22:47:59.728Z] Checked if tokens are valid: true, expires at: 1742946288299
[debug] [2025-03-25T22:47:59.728Z] Checked if tokens are valid: true, expires at: 1742946288299
[debug] [2025-03-25T22:47:59.728Z] >>> [apiv2][query] GET https://serviceusage.googleapis.com/v1/projects/mommy-angels-test/services/cloudfunctions.googleapis.com [none]
[debug] [2025-03-25T22:47:59.728Z] >>> [apiv2][(partial)header] GET https://serviceusage.googleapis.com/v1/projects/mommy-angels-test/services/cloudfunctions.googleapis.com x-goog-quota-user=projects/mommy-angels-test
[debug] [2025-03-25T22:47:59.730Z] >>> [apiv2][query] GET https://serviceusage.googleapis.com/v1/projects/mommy-angels-test/services/runtimeconfig.googleapis.com [none]
[debug] [2025-03-25T22:47:59.730Z] >>> [apiv2][(partial)header] GET https://serviceusage.googleapis.com/v1/projects/mommy-angels-test/services/runtimeconfig.googleapis.com x-goog-quota-user=projects/mommy-angels-test
[debug] [2025-03-25T22:47:59.731Z] >>> [apiv2][query] GET https://serviceusage.googleapis.com/v1/projects/mommy-angels-test/services/cloudbuild.googleapis.com [none]
[debug] [2025-03-25T22:47:59.731Z] >>> [apiv2][(partial)header] GET https://serviceusage.googleapis.com/v1/projects/mommy-angels-test/services/cloudbuild.googleapis.com x-goog-quota-user=projects/mommy-angels-test
[debug] [2025-03-25T22:47:59.733Z] >>> [apiv2][query] GET https://serviceusage.googleapis.com/v1/projects/mommy-angels-test/services/artifactregistry.googleapis.com [none]
[debug] [2025-03-25T22:47:59.733Z] >>> [apiv2][(partial)header] GET https://serviceusage.googleapis.com/v1/projects/mommy-angels-test/services/artifactregistry.googleapis.com x-goog-quota-user=projects/mommy-angels-test
[debug] [2025-03-25T22:48:00.087Z] <<< [apiv2][status] GET https://serviceusage.googleapis.com/v1/projects/mommy-angels-test/services/runtimeconfig.googleapis.com 200
[debug] [2025-03-25T22:48:00.087Z] <<< [apiv2][body] GET https://serviceusage.googleapis.com/v1/projects/mommy-angels-test/services/runtimeconfig.googleapis.com [omitted]
[debug] [2025-03-25T22:48:00.098Z] <<< [apiv2][status] GET https://serviceusage.googleapis.com/v1/projects/mommy-angels-test/services/cloudbuild.googleapis.com 200
[debug] [2025-03-25T22:48:00.098Z] <<< [apiv2][body] GET https://serviceusage.googleapis.com/v1/projects/mommy-angels-test/services/cloudbuild.googleapis.com [omitted]
[info] ✔  functions: required API cloudbuild.googleapis.com is enabled 
[debug] [2025-03-25T22:48:00.246Z] <<< [apiv2][status] GET https://serviceusage.googleapis.com/v1/projects/mommy-angels-test/services/artifactregistry.googleapis.com 200
[debug] [2025-03-25T22:48:00.246Z] <<< [apiv2][body] GET https://serviceusage.googleapis.com/v1/projects/mommy-angels-test/services/artifactregistry.googleapis.com [omitted]
[info] ✔  artifactregistry: required API artifactregistry.googleapis.com is enabled 
[debug] [2025-03-25T22:48:00.249Z] <<< [apiv2][status] GET https://serviceusage.googleapis.com/v1/projects/mommy-angels-test/services/cloudfunctions.googleapis.com 200
[debug] [2025-03-25T22:48:00.249Z] <<< [apiv2][body] GET https://serviceusage.googleapis.com/v1/projects/mommy-angels-test/services/cloudfunctions.googleapis.com [omitted]
[info] ✔  functions: required API cloudfunctions.googleapis.com is enabled 
[debug] [2025-03-25T22:48:00.249Z] Checked if tokens are valid: true, expires at: 1742946288299
[debug] [2025-03-25T22:48:00.249Z] Checked if tokens are valid: true, expires at: 1742946288299
[debug] [2025-03-25T22:48:00.250Z] >>> [apiv2][query] GET https://firebase.googleapis.com/v1beta1/projects/mommy-angels-test/adminSdkConfig [none]
[debug] [2025-03-25T22:48:00.552Z] <<< [apiv2][status] GET https://firebase.googleapis.com/v1beta1/projects/mommy-angels-test/adminSdkConfig 200
[debug] [2025-03-25T22:48:00.553Z] <<< [apiv2][body] GET https://firebase.googleapis.com/v1beta1/projects/mommy-angels-test/adminSdkConfig {"projectId":"mommy-angels-test","storageBucket":"mommy-angels-test.firebasestorage.app"}
[debug] [2025-03-25T22:48:00.554Z] Checked if tokens are valid: true, expires at: 1742946288299
[debug] [2025-03-25T22:48:00.554Z] Checked if tokens are valid: true, expires at: 1742946288299
[debug] [2025-03-25T22:48:00.555Z] >>> [apiv2][query] GET https://runtimeconfig.googleapis.com/v1beta1/projects/mommy-angels-test/configs [none]
[debug] [2025-03-25T22:48:00.757Z] <<< [apiv2][status] GET https://runtimeconfig.googleapis.com/v1beta1/projects/mommy-angels-test/configs 200
[debug] [2025-03-25T22:48:00.757Z] <<< [apiv2][body] GET https://runtimeconfig.googleapis.com/v1beta1/projects/mommy-angels-test/configs {}
[debug] [2025-03-25T22:48:00.759Z] Validating nodejs source
[debug] [2025-03-25T22:48:01.405Z] > [functions] package.json contents: {
  "name": "functions",
  "scripts": {
    "lint": "eslint --ext .js,.ts .",
    "build": "tsc",
    "build:watch": "tsc --watch",
    "serve": "npm run build && firebase emulators:start --only functions",
    "shell": "npm run build && firebase functions:shell",
    "start": "npm run shell",
    "deploy": "firebase deploy --only functions",
    "logs": "firebase functions:log"
  },
  "engines": {
    "node": "22"
  },
  "main": "src/index.js",
  "dependencies": {
    "@sendgrid/mail": "^8.1.4",
    "dotenv": "^16.4.7",
    "firebase-admin": "^12.7.0",
    "firebase-functions": "^6.3.2"
  },
  "devDependencies": {
    "eslint": "^8.57.1",
    "eslint-config-google": "^0.14.0",
    "eslint-plugin-import": "^2.25.4",
    "eslint-plugin-node": "^11.1.0",
    "firebase-functions-test": "^3.1.0"
  },
  "private": true
}
[debug] [2025-03-25T22:48:01.405Z] Building nodejs source
[info] i  functions: Loading and analyzing source code for codebase default to determine what to deploy 
[debug] [2025-03-25T22:48:01.406Z] Could not find functions.yaml. Must use http discovery
[debug] [2025-03-25T22:48:01.421Z] Found firebase-functions binary at '/Users/kenanfranklin/Sites/aba-therapy-landing/functions/node_modules/.bin/firebase-functions'
[info] Serving at port 8813

[debug] [2025-03-25T22:48:01.625Z] Got response from /__/functions.yaml {"endpoints":{},"specVersion":"v1alpha1","requiredAPIs":[],"extensions":{}}
[info] i  extensions: ensuring required API firebaseextensions.googleapis.com is enabled... 
[debug] [2025-03-25T22:48:05.657Z] Checked if tokens are valid: true, expires at: 1742946288299
[debug] [2025-03-25T22:48:05.657Z] Checked if tokens are valid: true, expires at: 1742946288299
[debug] [2025-03-25T22:48:05.658Z] >>> [apiv2][query] GET https://serviceusage.googleapis.com/v1/projects/mommy-angels-test/services/firebaseextensions.googleapis.com [none]
[debug] [2025-03-25T22:48:05.658Z] >>> [apiv2][(partial)header] GET https://serviceusage.googleapis.com/v1/projects/mommy-angels-test/services/firebaseextensions.googleapis.com x-goog-quota-user=projects/mommy-angels-test
[debug] [2025-03-25T22:48:06.095Z] <<< [apiv2][status] GET https://serviceusage.googleapis.com/v1/projects/mommy-angels-test/services/firebaseextensions.googleapis.com 200
[debug] [2025-03-25T22:48:06.095Z] <<< [apiv2][body] GET https://serviceusage.googleapis.com/v1/projects/mommy-angels-test/services/firebaseextensions.googleapis.com [omitted]
[info] ✔  extensions: required API firebaseextensions.googleapis.com is enabled 
[debug] [2025-03-25T22:48:06.096Z] > command requires scopes: ["email","openid","https://www.googleapis.com/auth/cloudplatformprojects.readonly","https://www.googleapis.com/auth/firebase","https://www.googleapis.com/auth/cloud-platform"]
[debug] [2025-03-25T22:48:06.097Z] > authorizing via signed-in user (kfranklin93@gmail.com)
[debug] [2025-03-25T22:48:06.097Z] [iam] checking project mommy-angels-test for permissions ["firebase.projects.get","firebaseextensions.instances.list"]
[debug] [2025-03-25T22:48:06.098Z] Checked if tokens are valid: true, expires at: 1742946288299
[debug] [2025-03-25T22:48:06.098Z] Checked if tokens are valid: true, expires at: 1742946288299
[debug] [2025-03-25T22:48:06.098Z] >>> [apiv2][query] POST https://cloudresourcemanager.googleapis.com/v1/projects/mommy-angels-test:testIamPermissions [none]
[debug] [2025-03-25T22:48:06.098Z] >>> [apiv2][(partial)header] POST https://cloudresourcemanager.googleapis.com/v1/projects/mommy-angels-test:testIamPermissions x-goog-quota-user=projects/mommy-angels-test
[debug] [2025-03-25T22:48:06.098Z] >>> [apiv2][body] POST https://cloudresourcemanager.googleapis.com/v1/projects/mommy-angels-test:testIamPermissions {"permissions":["firebase.projects.get","firebaseextensions.instances.list"]}
[debug] [2025-03-25T22:48:06.225Z] <<< [apiv2][status] POST https://cloudresourcemanager.googleapis.com/v1/projects/mommy-angels-test:testIamPermissions 200
[debug] [2025-03-25T22:48:06.225Z] <<< [apiv2][body] POST https://cloudresourcemanager.googleapis.com/v1/projects/mommy-angels-test:testIamPermissions {"permissions":["firebase.projects.get","firebaseextensions.instances.list"]}
[debug] [2025-03-25T22:48:06.226Z] Checked if tokens are valid: true, expires at: 1742946288299
[debug] [2025-03-25T22:48:06.226Z] Checked if tokens are valid: true, expires at: 1742946288299
[debug] [2025-03-25T22:48:06.227Z] >>> [apiv2][query] GET https://firebaseextensions.googleapis.com/v1beta/projects/mommy-angels-test/instances pageSize=100&pageToken=
[debug] [2025-03-25T22:48:06.544Z] <<< [apiv2][status] GET https://firebaseextensions.googleapis.com/v1beta/projects/mommy-angels-test/instances 200
[debug] [2025-03-25T22:48:06.545Z] <<< [apiv2][body] GET https://firebaseextensions.googleapis.com/v1beta/projects/mommy-angels-test/instances {}
[debug] [2025-03-25T22:48:06.548Z] Checked if tokens are valid: true, expires at: 1742946288299
[debug] [2025-03-25T22:48:06.548Z] Checked if tokens are valid: true, expires at: 1742946288299
[debug] [2025-03-25T22:48:06.548Z] >>> [apiv2][query] GET https://cloudfunctions.googleapis.com/v1/projects/mommy-angels-test/locations/-/functions [none]
[debug] [2025-03-25T22:48:07.108Z] <<< [apiv2][status] GET https://cloudfunctions.googleapis.com/v1/projects/mommy-angels-test/locations/-/functions 200
[debug] [2025-03-25T22:48:07.108Z] <<< [apiv2][body] GET https://cloudfunctions.googleapis.com/v1/projects/mommy-angels-test/locations/-/functions {}
[debug] [2025-03-25T22:48:07.109Z] Checked if tokens are valid: true, expires at: 1742946288299
[debug] [2025-03-25T22:48:07.110Z] Checked if tokens are valid: true, expires at: 1742946288299
[debug] [2025-03-25T22:48:07.110Z] >>> [apiv2][query] GET https://cloudfunctions.googleapis.com/v2/projects/mommy-angels-test/locations/-/functions filter=environment%3D%22GEN_2%22
[debug] [2025-03-25T22:48:07.617Z] <<< [apiv2][status] GET https://cloudfunctions.googleapis.com/v2/projects/mommy-angels-test/locations/-/functions 200
[debug] [2025-03-25T22:48:07.618Z] <<< [apiv2][body] GET https://cloudfunctions.googleapis.com/v2/projects/mommy-angels-test/locations/-/functions {}
[debug] [2025-03-25T22:48:07.625Z] Checked if tokens are valid: true, expires at: 1742946288299
[debug] [2025-03-25T22:48:07.625Z] Checked if tokens are valid: true, expires at: 1742946288299
[debug] [2025-03-25T22:48:07.625Z] >>> [apiv2][query] POST https://firebasehosting.googleapis.com/v1beta1/projects/-/sites/mommy-angels-test/versions [none]
[debug] [2025-03-25T22:48:07.625Z] >>> [apiv2][body] POST https://firebasehosting.googleapis.com/v1beta1/projects/-/sites/mommy-angels-test/versions {"status":"CREATED","labels":{"deployment-tool":"cli-firebase"}}
